// Jest Snapshot v1, https://goo.gl/fbAQLP

exports[`Additem Component renders is 1`] = `
<div>
  <form
    data-testid="form"
    onSubmit={[Function]}
  >
    <label
      htmlFor="textinput"
    >
      Enter the Todo Item:
    </label>
    <input
      data-testid="additeminput"
      id="textinput"
      onChange={[Function]}
      type="text"
      value=""
    />
    <input
      type="submit"
      value="Add"
    />
  </form>
</div>
`;
